
> rest-express@1.0.0 build
> vite build && esbuild server/index.ts --platform=node --packages=external --bundle --format=esm --outdir=dist

[36mvite v7.0.6 [32mbuilding for production...[36m[39m
transforming...
[32mΓ£ô[39m 2 modules transformed.
node.exe : [31mΓ£ù[39m Build failed 
in 221ms
At C:\Program Files\nodejs\npm.ps1:29 
char:3
+   & $NODE_EXE $NPM_CLI_JS $args
+   ~~~~~~~~~~~~~~~~~~~~~~~~~~~~~
    + CategoryInfo          : NotSpec 
   ified: ([31mΓ£ù[39m Build faile  
  d in 221ms:String) [], RemoteExce   
 ption
    + FullyQualifiedErrorId : NativeC 
   ommandError
 
[31merror during build:
[31m[vite]: Rollup failed to resolve 
import "react-dom/client" from "E:/AIP
ortfolioBuilder/AIPortfolioBuilder/cli
ent/src/main.tsx".
This is most likely unintended 
because it can break your application 
at runtime.
If you do want to externalize this 
module explicitly add it to
`build.rollupOptions.external`[31m
    at viteLog (file:///E:/AIPortfolio
Builder/AIPortfolioBuilder/node_module
s/vite/dist/node/chunks/dep-BHkUv4Z8.j
s:34211:57)
    at file:///E:/AIPortfolioBuilder/A
IPortfolioBuilder/node_modules/vite/di
st/node/chunks/dep-BHkUv4Z8.js:34249:7
3
    at onwarn (file:///E:/AIPortfolioB
uilder/AIPortfolioBuilder/node_modules
/@vitejs/plugin-react/dist/index.js:90
:7)
    at file:///E:/AIPortfolioBuilder/A
IPortfolioBuilder/node_modules/vite/di
st/node/chunks/dep-BHkUv4Z8.js:34249:2
8
    at onRollupLog (file:///E:/AIPortf
olioBuilder/AIPortfolioBuilder/node_mo
dules/vite/dist/node/chunks/dep-BHkUv4
Z8.js:34244:3)
    at onLog (file:///E:/AIPortfolioBu
ilder/AIPortfolioBuilder/node_modules/
vite/dist/node/chunks/dep-BHkUv4Z8.js:
34032:4)
    at file:///E:/AIPortfolioBuilder/A
IPortfolioBuilder/node_modules/rollup/
dist/es/shared/node-entry.js:20866:32
    at Object.logger [as onLog] (file:
///E:/AIPortfolioBuilder/AIPortfolioBu
ilder/node_modules/rollup/dist/es/shar
ed/node-entry.js:22748:9)
    at 
ModuleLoader.handleInvalidResolvedId (
file:///E:/AIPortfolioBuilder/AIPortfo
lioBuilder/node_modules/rollup/dist/es
/shared/node-entry.js:21492:26)
    at file:///E:/AIPortfolioBuilder/A
IPortfolioBuilder/node_modules/rollup/
dist/es/shared/node-entry.js:21450:26
[39m
